
$ /Applications/KiCad/KiCad.app/Contents/MacOS/kicad-cli pcb drc --refill-zones --save-board --schematic-parity --format json -o /Users/takazudo/repos/circuits/zudo-pd/tmp/current-prototype-checkout/manufacturing/releases/corner-support-review/board-b/checks/drc.json /Users/takazudo/repos/circuits/zudo-pd/tmp/current-prototype-checkout/manufacturing/releases/corner-support-review/board-b/source/board-b.kicad_pcb
Found 29 violations
Found 0 unconnected items
Found 0 schematic parity issues
Saved DRC Report to /Users/takazudo/repos/circuits/zudo-pd/tmp/current-prototype-checkout/manufacturing/releases/corner-support-review/board-b/checks/drc.json
Saved board
Fontconfig error: Cannot load default config file: No such file: (null)

$ /Applications/KiCad/KiCad.app/Contents/Frameworks/Python.framework/Versions/Current/bin/python3 /Users/takazudo/repos/circuits/zudo-pd/tmp/current-prototype-checkout/scripts/pcb/verify-board-b.py /Users/takazudo/repos/circuits/zudo-pd/tmp/current-prototype-checkout/manufacturing/releases/corner-support-review/board-b/source/board-b.kicad_pcb --output /Users/takazudo/repos/circuits/zudo-pd/tmp/current-prototype-checkout/manufacturing/releases/corner-support-review/board-b/checks/mechanical-identity.json
{
  "board": "board-b",
  "size_mm": [
    110,
    85
  ],
  "component_count": 76,
  "schematic_pad_identity": "PASS",
  "eurorack_pin_contract": "PASS",
  "pd_mating_xy": "PASS",
  "shared_mounting_holes": "PASS",
  "mating_pads": [
    {
      "pin": 1,
      "board_p_center_mm": [
        6.55,
        37.7
      ],
      "center_mm": [
        37.2,
        18.55
      ],
      "board_b_net": "+15V INPUT"
    },
    {
      "pin": 2,
      "board_p_center_mm": [
        9.09,
        37.7
      ],
      "center_mm": [
        37.2,
        21.09
      ],
      "board_b_net": "+15V INPUT"
    },
    {
      "pin": 3,
      "board_p_center_mm": [
        11.63,
        37.7
      ],
      "center_mm": [
        37.2,
        23.63
      ],
      "board_b_net": "ATT"
    },
    {
      "pin": 4,
      "board_p_center_mm": [
        14.17,
        37.7
      ],
      "center_mm": [
        37.2,
        26.17
      ],
      "board_b_net": "PDOK"
    },
    {
      "pin": 5,
      "board_p_center_mm": [
        16.71,
        37.7
      ],
      "center_mm": [
        37.2,
        28.71
      ],
      "board_b_net": "GND"
    },
    {
      "pin": 6,
      "board_p_center_mm": [
        19.25,
        37.7
      ],
      "center_mm": [
        37.2,
        31.25
      ],
      "board_b_net": "GND"
    }
  ],
  "physical_stack_and_cable_fit": "NOT MEASURED",
  "plain_rectangular_outline": "PASS",
  "compact_mechanics": {
    "status": "PASS",
    "outline_mm": [
      0.0,
      0.0,
      110.0,
      85.0
    ],
    "mechanical_contract_sha256": "1104a1a3088069a1482b68504861ad1b65a56178cf639f9a85d3301649983a5a",
    "plain_rectangular_outline": "PASS",
    "terminal_blocks": [
      {
        "reference": "J6",
        "origin_mm": [
          7.0,
          48.0
        ],
        "rotation_deg": 90,
        "layer": "F.Cu",
        "wire_entry_direction_pcb": [
          -1,
          0
        ],
        "body_xy_bounds_mm": [
          1.4998839999999998,
          42.92,
          11.500118,
          53.679948
        ],
        "pins": [
          {
            "pin": "1",
            "center_mm": [
              7.0,
              50.54
            ],
            "rail": "GND"
          },
          {
            "pin": "2",
            "center_mm": [
              7.0,
              45.46
            ],
            "rail": "-12V rail"
          }
        ],
        "minimum_pad_edge_clearance_mm": 6.0,
        "model": "/Users/takazudo/repos/circuits/zudo-pd/tmp/current-prototype-checkout/footprints/kicad/zudo-pd.3dshapes/WJ500V-5.08-2P_C8465.wrl",
        "maximum_tail_projection_screen_mm": 4.7
      },
      {
        "reference": "J7",
        "origin_mm": [
          7.0,
          61.0
        ],
        "rotation_deg": 90,
        "layer": "F.Cu",
        "wire_entry_direction_pcb": [
          -1,
          0
        ],
        "body_xy_bounds_mm": [
          1.4998839999999998,
          55.92,
          11.500118,
          66.679948
        ],
        "pins": [
          {
            "pin": "1",
            "center_mm": [
              7.0,
              63.54
            ],
            "rail": "+5V rail"
          },
          {
            "pin": "2",
            "center_mm": [
              7.0,
              58.46
            ],
            "rail": "+12V rail"
          }
        ],
        "minimum_pad_edge_clearance_mm": 6.0,
        "model": "/Users/takazudo/repos/circuits/zudo-pd/tmp/current-prototype-checkout/footprints/kicad/zudo-pd.3dshapes/WJ500V-5.08-2P_C8465.wrl",
        "maximum_tail_projection_screen_mm": 4.7
      }
    ],
    "rail_labels": [
      {
        "side": "front",
        "text": "-12V",
        "pin": "J6.2",
        "center_mm": [
          0.8,
          45.46
        ],
        "mirrored": false,
        "size_mm": 0.8
      },
      {
        "side": "back",
        "text": "-12V",
        "pin": "J6.2",
        "center_mm": [
          2.8,
          45.46
        ],
        "mirrored": true,
        "size_mm": 1.2
      },
      {
        "side": "front",
        "text": "GND",
        "pin": "J6.1",
        "center_mm": [
          0.8,
          50.54
        ],
        "mirrored": false,
        "size_mm": 0.8
      },
      {
        "side": "back",
        "text": "GND",
        "pin": "J6.1",
        "center_mm": [
          2.8,
          50.54
        ],
        "mirrored": true,
        "size_mm": 1.2
      },
      {
        "side": "front",
        "text": "+12V",
        "pin": "J7.2",
        "center_mm": [
          0.8,
          58.46
        ],
        "mirrored": false,
        "size_mm": 0.8
      },
      {
        "side": "back",
        "text": "+12V",
        "pin": "J7.2",
        "center_mm": [
          2.8,
          58.46
        ],
        "mirrored": true,
        "size_mm": 1.2
      },
      {
        "side": "front",
        "text": "+5V",
        "pin": "J7.1",
        "center_mm": [
          0.8,
          63.54
        ],
        "mirrored": false,
        "size_mm": 0.8
      },
      {
        "side": "back",
        "text": "+5V",
        "pin": "J7.1",
        "center_mm": [
          2.8,
          63.54
        ],
        "mirrored": true,
        "size_mm": 1.2
      }
    ],
    "corner_supports": [
      {
        "reference": "H4",
        "center_mm": [
          106,
          4
        ],
        "drill_mm": 3.0,
        "independent_from_pd_mounts": true
      },
      {
        "reference": "H5",
        "center_mm": [
          4,
          81
        ],
        "drill_mm": 3.0,
        "independent_from_pd_mounts": true
      },
      {
        "reference": "H6",
        "center_mm": [
          106,
          81
        ],
        "drill_mm": 3.0,
        "independent_from_pd_mounts": true
      },
      {
        "reference": "H7",
        "center_mm": [
          4,
          4
        ],
        "drill_mm": 3.0,
        "independent_from_pd_mounts": true
      }
    ],
    "pogo": {
      "origin_mm": [
        60.0,
        1.8
      ],
      "rotation_deg": 0,
      "pad_count": 4,
      "pitch_mm": 2.54,
      "center_to_top_edge_mm": 1.8,
      "copper_to_top_edge_mm": 0.55,
      "left_to_right": [
        "ATT",
        "PDOK",
        "GND",
        "NC",
        "+13.44V",
        "+6.519V",
        "-14.145V"
      ],
      "total_contact_count": 7,
      "shared_return": "P1.3",
      "bom_cpl_excluded": true,
      "solder_paste": false
    },
    "errors": [],
    "qualification_limits": [
      "Catalog terminal models are illustrations; their 3.5 mm tails are shorter than the manufacturer 4.50\u00b10.20 mm dimension. Stack clearance uses 4.7 mm maximum tail projection.",
      "Actual wire, screwdriver and installed housing/stack fit remain unmeasured.",
      "Actual programming clip fit and repeated insertion force remain unmeasured."
    ]
  }
}
02:27:38 AM: Debug: Adding duplicate image handler for 'PNG file'
02:27:38 AM: Debug: Adding duplicate image handler for 'JPEG file'
02:27:38 AM: Debug: Adding duplicate image handler for 'TIFF file'
02:27:38 AM: Debug: Adding duplicate image handler for 'GIF file'
02:27:38 AM: Debug: Adding duplicate image handler for 'PNM file'
02:27:38 AM: Debug: Adding duplicate image handler for 'PCX file'
02:27:38 AM: Debug: Adding duplicate image handler for 'IFF file'
02:27:38 AM: Debug: Adding duplicate image handler for 'Windows icon file'
02:27:38 AM: Debug: Adding duplicate image handler for 'Windows cursor file'
02:27:38 AM: Debug: Adding duplicate image handler for 'Windows animated cursor file'
02:27:38 AM: Debug: Adding duplicate image handler for 'TGA file'
02:27:38 AM: Debug: Adding duplicate image handler for 'XPM file'

$ /Applications/KiCad/KiCad.app/Contents/Frameworks/Python.framework/Versions/Current/bin/python3 /Users/takazudo/repos/circuits/zudo-pd/tmp/current-prototype-checkout/scripts/pcb/verify-power-layout.py /Users/takazudo/repos/circuits/zudo-pd/tmp/current-prototype-checkout/manufacturing/releases/corner-support-review/board-b/source/board-b.kicad_pcb --output /Users/takazudo/repos/circuits/zudo-pd/tmp/current-prototype-checkout/manufacturing/releases/corner-support-review/board-b/checks/power-layout.json
{
  "board": "board-b",
  "pcb_sha256": "876e1f86a2f8c744f354d1bb4753e8ce1dacbbc873b648b0dc6f310ce73e2861",
  "terminal_load_paths": [
    {
      "ptc": "PTC1",
      "terminal": "J7.2",
      "minimum_trace_width_mm": 1.0,
      "narrow_feedback_and_zones_excluded": true,
      "capacitor_and_ptc_reachable": true,
      "qualifying_tracks": 26,
      "qualifying_vias": 2
    },
    {
      "ptc": "PTC2",
      "terminal": "J7.1",
      "minimum_trace_width_mm": 1.0,
      "narrow_feedback_and_zones_excluded": true,
      "capacitor_and_ptc_reachable": true,
      "qualifying_tracks": 18,
      "qualifying_vias": 2
    },
    {
      "ptc": "PTC3",
      "terminal": "J6.2",
      "minimum_trace_width_mm": 1.0,
      "narrow_feedback_and_zones_excluded": true,
      "capacitor_and_ptc_reachable": true,
      "qualifying_tracks": 21,
      "qualifying_vias": 0
    }
  ],
  "terminal_ground_both_planes": "PASS",
  "pd_input_paths": [
    {
      "source": "J5.1",
      "input_bulk": "C5.1",
      "destination": "J5.2",
      "minimum_trace_width_mm": 1.5,
      "narrow_feedback_and_zones_excluded": true,
      "capacitor_and_ptc_reachable": true,
      "qualifying_tracks": 78,
      "qualifying_vias": 3
    },
    {
      "source": "J5.1",
      "input_bulk": "C5.1",
      "destination": "U3.1",
      "minimum_trace_width_mm": 1.5,
      "narrow_feedback_and_zones_excluded": true,
      "capacitor_and_ptc_reachable": true,
      "qualifying_tracks": 78,
      "qualifying_vias": 3
    },
    {
      "source": "J5.1",
      "input_bulk": "C5.1",
      "destination": "U4.1",
      "minimum_trace_width_mm": 1.5,
      "narrow_feedback_and_zones_excluded": true,
      "capacitor_and_ptc_reachable": true,
      "qualifying_tracks": 78,
      "qualifying_vias": 3
    },
    {
      "source": "J5.1",
      "input_bulk": "C5.1",
      "destination": "C39.1",
      "minimum_trace_width_mm": 1.5,
      "narrow_feedback_and_zones_excluded": true,
      "capacitor_and_ptc_reachable": true,
      "qualifying_tracks": 78,
      "qualifying_vias": 3
    }
  ],
  "status": "PASS",
  "thermal_connections": [
    {
      "regulator": "U4",
      "tab_net": "{slash}DC-DC Conversion{slash}-14.145V PRE",
      "thermal_vias": 12,
      "tab_and_vias_in_connected_pours_both_layers": true
    },
    {
      "regulator": "U6",
      "tab_net": "GND",
      "thermal_vias": 12,
      "tab_and_vias_in_connected_pours_both_layers": true
    },
    {
      "regulator": "U7",
      "tab_net": "GND",
      "thermal_vias": 12,
      "tab_and_vias_in_connected_pours_both_layers": true
    },
    {
      "regulator": "U8",
      "tab_net": "{slash}DC-DC Conversion{slash}-14.145V PRE",
      "thermal_vias": 12,
      "tab_and_vias_in_connected_pours_both_layers": true
    }
  ],
  "negative_filled_zone_areas": [
    {
      "regulator": "U4",
      "layer": "F.Cu",
      "net": "{slash}DC-DC Conversion{slash}-14.145V PRE",
      "filled_zone_area_mm2": 463.2277888934455,
      "excluded_other_polygons_mm2": 0.0
    },
    {
      "regulator": "U4",
      "layer": "B.Cu",
      "net": "{slash}DC-DC Conversion{slash}-14.145V PRE",
      "filled_zone_area_mm2": 420.904790779021,
      "excluded_other_polygons_mm2": 0.0
    },
    {
      "regulator": "U8",
      "layer": "F.Cu",
      "net": "{slash}DC-DC Conversion{slash}-14.145V PRE",
      "filled_zone_area_mm2": 292.6746090209755,
      "excluded_other_polygons_mm2": 0.0
    },
    {
      "regulator": "U8",
      "layer": "B.Cu",
      "net": "{slash}DC-DC Conversion{slash}-14.145V PRE",
      "filled_zone_area_mm2": 253.182023324357,
      "excluded_other_polygons_mm2": 0.0
    }
  ],
  "ground_filled_zone_areas_mm2": {
    "F.Cu": 6421.561177191673,
    "B.Cu": 6600.154860557378
  },
  "output_power_paths": [
    {
      "regulator": "U6",
      "capacitor": "C40",
      "ptc": "PTC1",
      "minimum_trace_width_mm": 1.0,
      "narrow_feedback_and_zones_excluded": true,
      "capacitor_and_ptc_reachable": true,
      "qualifying_tracks": 16,
      "qualifying_vias": 4
    },
    {
      "regulator": "U7",
      "capacitor": "C41",
      "ptc": "PTC2",
      "minimum_trace_width_mm": 1.0,
      "narrow_feedback_and_zones_excluded": true,
      "capacitor_and_ptc_reachable": true,
      "qualifying_tracks": 19,
      "qualifying_vias": 6
    },
    {
      "regulator": "U8",
      "capacitor": "C42",
      "ptc": "PTC3",
      "minimum_trace_width_mm": 1.0,
      "narrow_feedback_and_zones_excluded": true,
      "capacitor_and_ptc_reachable": true,
      "qualifying_tracks": 11,
      "qualifying_vias": 4
    }
  ],
  "ground_polygons_connected_through_plated_terminals": 7,
  "required_ground_stitches": [
    {
      "center_mm": [
        40,
        54
      ],
      "net": "GND",
      "diameter_mm": 1.0,
      "drill_mm": 0.4,
      "connected_polygons": [
        {
          "layer": "F.Cu",
          "polygon_index": 1
        },
        {
          "layer": "B.Cu",
          "polygon_index": 1
        }
      ],
      "outside_paste_pad_boxes_plus_0_7mm": true
    },
    {
      "center_mm": [
        48,
        56
      ],
      "net": "GND",
      "diameter_mm": 1.0,
      "drill_mm": 0.4,
      "connected_polygons": [
        {
          "layer": "F.Cu",
          "polygon_index": 1
        },
        {
          "layer": "B.Cu",
          "polygon_index": 0
        }
      ],
      "outside_paste_pad_boxes_plus_0_7mm": true
    },
    {
      "center_mm": [
        58,
        60
      ],
      "net": "GND",
      "diameter_mm": 1.0,
      "drill_mm": 0.4,
      "connected_polygons": [
        {
          "layer": "F.Cu",
          "polygon_index": 1
        },
        {
          "layer": "B.Cu",
          "polygon_index": 1
        }
      ],
      "outside_paste_pad_boxes_plus_0_7mm": true
    },
    {
      "center_mm": [
        50,
        64
      ],
      "net": "GND",
      "diameter_mm": 1.0,
      "drill_mm": 0.4,
      "connected_polygons": [
        {
          "layer": "F.Cu",
          "polygon_index": 1
        },
        {
          "layer": "B.Cu",
          "polygon_index": 0
        }
      ],
      "outside_paste_pad_boxes_plus_0_7mm": true
    },
    {
      "center_mm": [
        48,
        62
      ],
      "net": "GND",
      "diameter_mm": 1.0,
      "drill_mm": 0.4,
      "connected_polygons": [
        {
          "layer": "F.Cu",
          "polygon_index": 1
        },
        {
          "layer": "B.Cu",
          "polygon_index": 0
        }
      ],
      "outside_paste_pad_boxes_plus_0_7mm": true
    },
    {
      "center_mm": [
        52,
        64
      ],
      "net": "GND",
      "diameter_mm": 1.0,
      "drill_mm": 0.4,
      "connected_polygons": [
        {
          "layer": "F.Cu",
          "polygon_index": 1
        },
        {
          "layer": "B.Cu",
          "polygon_index": 0
        }
      ],
      "outside_paste_pad_boxes_plus_0_7mm": true
    },
    {
      "center_mm": [
        54,
        64
      ],
      "net": "GND",
      "diameter_mm": 1.0,
      "drill_mm": 0.4,
      "connected_polygons": [
        {
          "layer": "F.Cu",
          "polygon_index": 1
        },
        {
          "layer": "B.Cu",
          "polygon_index": 0
        }
      ],
      "outside_paste_pad_boxes_plus_0_7mm": true
    }
  ],
  "back_ground_segmented_samples": [
    {
      "y_mm": 54,
      "aggregate_sampled_width_mm": 32.0,
      "largest_sampled_run_mm": 29.5,
      "runs": [
        {
          "x_start_mm": 31.0,
          "x_end_mm": 33.5,
          "width_mm": 2.5,
          "polygon_index": 1
        },
        {
          "x_start_mm": 35.5,
          "x_end_mm": 65.0,
          "width_mm": 29.5,
          "polygon_index": 1
        }
      ]
    },
    {
      "y_mm": 60,
      "aggregate_sampled_width_mm": 22.5,
      "largest_sampled_run_mm": 10.0,
      "runs": [
        {
          "x_start_mm": 31.0,
          "x_end_mm": 41.0,
          "width_mm": 10.0,
          "polygon_index": 1
        },
        {
          "x_start_mm": 47.5,
          "x_end_mm": 52.5,
          "width_mm": 5.0,
          "polygon_index": 0
        },
        {
          "x_start_mm": 55.0,
          "x_end_mm": 60.0,
          "width_mm": 5.0,
          "polygon_index": 1
        },
        {
          "x_start_mm": 62.5,
          "x_end_mm": 65.0,
          "width_mm": 2.5,
          "polygon_index": 1
        }
      ]
    },
    {
      "y_mm": 67,
      "aggregate_sampled_width_mm": 20.0,
      "largest_sampled_run_mm": 17.0,
      "runs": [
        {
          "x_start_mm": 40.5,
          "x_end_mm": 57.5,
          "width_mm": 17.0,
          "polygon_index": 0
        },
        {
          "x_start_mm": 59.5,
          "x_end_mm": 60.0,
          "width_mm": 0.5,
          "polygon_index": 1
        },
        {
          "x_start_mm": 62.5,
          "x_end_mm": 65.0,
          "width_mm": 2.5,
          "polygon_index": 1
        }
      ]
    }
  ],
  "ground_sample_policy": {
    "x_start": 31,
    "x_end": 65,
    "ys": [
      54,
      60,
      67
    ],
    "minimum_aggregate_mm": 20,
    "minimum_largest_mm": 10
  },
  "assumptions": [
    "Thermal-via centers follow the current tab perimeter plus 1 mm placement rule.",
    "Thermal area counts only the filled polygon containing the tab; other polygons and separate tracks/pads are excluded. Area is not thetaJA.",
    "Copper area and connected vias do not qualify continuous current or temperature.",
    "Power-path checks exclude zones and all traces below 1 mm; narrow sensing branches cannot satisfy them.",
    "Ground screen uses {'x_start': 31, 'x_end': 65, 'ys': [54, 60, 67], 'minimum_aggregate_mm': 20, 'minimum_largest_mm': 10} with 0.5 mm samples. Aggregate width adds separate runs across globally connected polygons; it is not a continuous corridor, current-density proof or current rating.",
    "All seven ground stitches must join front/back filled ground and remain outside every paste-bearing copper-pad bounding box expanded by 0.7 mm; this conservatively keeps their holes away from solder paste.",
    "Native DRC, schematic identity, manufacturing checks and electrical bench qualification remain separate."
  ]
}
02:27:39 AM: Debug: Adding duplicate image handler for 'PNG file'
02:27:39 AM: Debug: Adding duplicate image handler for 'JPEG file'
02:27:39 AM: Debug: Adding duplicate image handler for 'TIFF file'
02:27:39 AM: Debug: Adding duplicate image handler for 'GIF file'
02:27:39 AM: Debug: Adding duplicate image handler for 'PNM file'
02:27:39 AM: Debug: Adding duplicate image handler for 'PCX file'
02:27:39 AM: Debug: Adding duplicate image handler for 'IFF file'
02:27:39 AM: Debug: Adding duplicate image handler for 'Windows icon file'
02:27:39 AM: Debug: Adding duplicate image handler for 'Windows cursor file'
02:27:39 AM: Debug: Adding duplicate image handler for 'Windows animated cursor file'
02:27:39 AM: Debug: Adding duplicate image handler for 'TGA file'
02:27:39 AM: Debug: Adding duplicate image handler for 'XPM file'

$ /opt/homebrew/opt/python@3.14/bin/python3.14 /Users/takazudo/repos/circuits/zudo-pd/tmp/current-prototype-checkout/scripts/pcb/check-model-paths.py /Users/takazudo/repos/circuits/zudo-pd/tmp/current-prototype-checkout/manufacturing/releases/corner-support-review/board-b/source/board-b.kicad_pcb --output /Users/takazudo/repos/circuits/zudo-pd/tmp/current-prototype-checkout/manufacturing/releases/corner-support-review/board-b/checks/model-paths.json
{
  "pcb": "board-b.kicad_pcb",
  "pcb_sha256": "876e1f86a2f8c744f354d1bb4753e8ce1dacbbc873b648b0dc6f310ce73e2861",
  "status": "PASS",
  "fitted_components": 72,
  "fitted_components_with_visible_models": 72,
  "model_references": 72,
  "errors": [],
  "scope": "Model paths, file availability, visible fitted-part coverage and finite/nonzero transforms only. Models are visualization assets; physical dimensions, polarity, assembly fit and exact-part provenance require separate review."
}

$ /opt/homebrew/opt/python@3.14/bin/python3.14 /Users/takazudo/repos/circuits/zudo-pd/tmp/current-prototype-checkout/scripts/pcb/check-model-bodies.py /Users/takazudo/repos/circuits/zudo-pd/tmp/current-prototype-checkout/manufacturing/releases/corner-support-review/board-b/source/board-b.kicad_pcb --output /Users/takazudo/repos/circuits/zudo-pd/tmp/current-prototype-checkout/manufacturing/releases/corner-support-review/board-b/checks/model-bodies.json
{
  "status": "PASS",
  "scope": "Opaque-body placement sanity screen only; not exact manufacturer geometry, collision/occlusion certification, native pixel coverage or physical fit.",
  "pcb_sha256": "876e1f86a2f8c744f354d1bb4753e8ce1dacbbc873b648b0dc6f310ce73e2861",
  "checker_sha256": "6866c173acbd56b8d128f9ed0b0e66868d7364c2842e6911c6c2ef22c75d6fb6",
  "fitted_components": 72,
  "screened_components": 72,
  "errors": []
}

$ /Applications/KiCad/KiCad.app/Contents/MacOS/kicad-cli pcb render --width 1800 --height 1400 --quality high --rotate 20,0,-15 --zoom 0.8 -o /Users/takazudo/repos/circuits/zudo-pd/tmp/current-prototype-checkout/manufacturing/releases/corner-support-review/board-b/3d-top.png /Users/takazudo/repos/circuits/zudo-pd/tmp/current-prototype-checkout/manufacturing/releases/corner-support-review/board-b/source/board-b.kicad_pcb
Loading…
Build board outline

Create layers
Create tracks and vias
Create zones
Build Tech layers
Build Tech layer 11
Build Tech layer 9
Build Tech layer 15
Build Tech layer 13
Build Tech layer 7
Build Tech layer 5
Build Tech layer 3
Build Tech layer 1
Build Tech layer 17
Build Tech layer 19
Build Tech layer 21
Build Tech layer 23
Build Tech layer 39
Build Tech layer 41
Build Tech layer 43
Build Tech layer 45
Build Tech layer 47
Build Tech layer 49
Build Tech layer 51
Build Tech layer 53
Build Tech layer 55
Build Tech layer 57
Build Tech layer 59
Build Tech layer 61
Build Tech layer 63
Build Tech layer 65
Build Tech layer 67
Build Tech layer 69
Build Tech layer 71
Build Tech layer 73
Build Tech layer 75
Build Tech layer 77
Build Tech layer 79
Build Tech layer 81
Build Tech layer 83
Build Tech layer 85
Build Tech layer 87
Build Tech layer 89
Build Tech layer 91
Build Tech layer 93
Build Tech layer 95
Build Tech layer 97
Build Tech layer 99
Build Tech layer 101
Build Tech layer 103
Build Tech layer 105
Build Tech layer 107
Build Tech layer 109
Build Tech layer 111
Build Tech layer 113
Build Tech layer 115
Build Tech layer 117
Build Tech layer 119
Build Tech layer 121
Build Tech layer 123
Build Tech layer 125
Build Tech layer 127
Simplifying copper layer polygons
Calculating plated copper
Simplify holes contours
Build BVH for holes and vias
Load Raytracing: board
Load Raytracing: layers
Loading 3D models...
Reload time 0.414 s
Rendering: 5 %
Rendering: 7 %
Rendering: 10 %
Rendering: 14 %
Rendering: 16 %
Rendering: 17 %
Rendering: 17 %
Rendering: 18 %
Rendering: 18 %
Rendering: 19 %
Rendering: 19 %
Rendering: 20 %
Rendering: 21 %
Rendering: 21 %
Rendering: 22 %
Rendering: 22 %
Rendering: 23 %
Rendering: 23 %
Rendering: 24 %
Rendering: 25 %
Rendering: 25 %
Rendering: 26 %
Rendering: 26 %
Rendering: 26 %
Rendering: 27 %
Rendering: 27 %
Rendering: 28 %
Rendering: 29 %
Rendering: 30 %
Rendering: 31 %
Rendering: 32 %
Rendering: 35 %
Rendering: 35 %
Rendering: 36 %
Rendering: 36 %
Rendering: 37 %
Rendering: 42 %
Rendering: 46 %
Rendering: 49 %
Rendering: 53 %
Rendering: 55 %
Rendering: 56 %
Rendering: 58 %
Rendering: 61 %
Rendering: 67 %
Rendering: 72 %
Rendering: 75 %
Rendering: 77 %
Rendering: 78 %
Rendering: 79 %
Rendering: 80 %
Rendering: 81 %
Rendering: 82 %
Rendering: 85 %
Rendering: 87 %
Rendering: 88 %
Rendering: 89 %
Rendering: 89 %
Rendering: 90 %
Rendering: 93 %
Rendering: 99 %
Rendering: 100 %
Rendering: Post processing shader
Rendering time 26.602 s
Successfully created 3D render image

$ /Applications/KiCad/KiCad.app/Contents/MacOS/kicad-cli sch erc --format json -o /Users/takazudo/repos/circuits/zudo-pd/tmp/current-prototype-checkout/manufacturing/releases/corner-support-review/board-b/checks/erc.json /Users/takazudo/repos/circuits/zudo-pd/tmp/current-prototype-checkout/manufacturing/releases/corner-support-review/board-b/source/board-b.kicad_sch
Found 54 violations
Saved ERC Report to /Users/takazudo/repos/circuits/zudo-pd/tmp/current-prototype-checkout/manufacturing/releases/corner-support-review/board-b/checks/erc.json
Fontconfig error: Cannot load default config file: No such file: (null)

$ /Applications/KiCad/KiCad.app/Contents/MacOS/kicad-cli sch export pdf -o /Users/takazudo/repos/circuits/zudo-pd/tmp/current-prototype-checkout/manufacturing/releases/corner-support-review/board-b/schematic.pdf /Users/takazudo/repos/circuits/zudo-pd/tmp/current-prototype-checkout/manufacturing/releases/corner-support-review/board-b/source/board-b.kicad_sch
Plotted to '/Users/takazudo/repos/circuits/zudo-pd/tmp/current-prototype-checkout/manufacturing/releases/corner-support-review/board-b/schematic.pdf'.
Done.
Fontconfig error: Cannot load default config file: No such file: (null)

$ /Applications/KiCad/KiCad.app/Contents/MacOS/kicad-cli sch export netlist --format kicadsexpr -o /Users/takazudo/repos/circuits/zudo-pd/tmp/current-prototype-checkout/manufacturing/releases/corner-support-review/board-b/raw/board-b.net /Users/takazudo/repos/circuits/zudo-pd/tmp/current-prototype-checkout/manufacturing/releases/corner-support-review/board-b/source/board-b.kicad_sch
Fontconfig error: Cannot load default config file: No such file: (null)

$ /opt/homebrew/opt/python@3.14/bin/python3.14 /Users/takazudo/repos/circuits/zudo-pd/tmp/current-prototype-checkout/scripts/schgen/verify_netlist.py board_b_spec /Users/takazudo/repos/circuits/zudo-pd/tmp/current-prototype-checkout/manufacturing/releases/corner-support-review/board-b/raw/board-b.net
PASS: 30 nets, 207 nodes (29 expected nets + 1 unconnected)

$ /Applications/KiCad/KiCad.app/Contents/MacOS/kicad-cli pcb export gerbers -l F.Cu,B.Cu,F.Mask,B.Mask,F.Silkscreen,B.Silkscreen,Edge.Cuts,F.Paste,B.Paste --use-drill-file-origin --subtract-soldermask -o /Users/takazudo/repos/circuits/zudo-pd/tmp/current-prototype-checkout/manufacturing/releases/corner-support-review/board-b/gerbers /Users/takazudo/repos/circuits/zudo-pd/tmp/current-prototype-checkout/manufacturing/releases/corner-support-review/board-b/source/board-b.kicad_pcb
Plotted to '/Users/takazudo/repos/circuits/zudo-pd/tmp/current-prototype-checkout/manufacturing/releases/corner-support-review/board-b/gerbers/board-b-F_Cu.gtl'.
Plotted to '/Users/takazudo/repos/circuits/zudo-pd/tmp/current-prototype-checkout/manufacturing/releases/corner-support-review/board-b/gerbers/board-b-B_Cu.gbl'.
Plotted to '/Users/takazudo/repos/circuits/zudo-pd/tmp/current-prototype-checkout/manufacturing/releases/corner-support-review/board-b/gerbers/board-b-F_Paste.gtp'.
Plotted to '/Users/takazudo/repos/circuits/zudo-pd/tmp/current-prototype-checkout/manufacturing/releases/corner-support-review/board-b/gerbers/board-b-B_Paste.gbp'.
Plotted to '/Users/takazudo/repos/circuits/zudo-pd/tmp/current-prototype-checkout/manufacturing/releases/corner-support-review/board-b/gerbers/board-b-F_Silkscreen.gto'.
Plotted to '/Users/takazudo/repos/circuits/zudo-pd/tmp/current-prototype-checkout/manufacturing/releases/corner-support-review/board-b/gerbers/board-b-B_Silkscreen.gbo'.
Plotted to '/Users/takazudo/repos/circuits/zudo-pd/tmp/current-prototype-checkout/manufacturing/releases/corner-support-review/board-b/gerbers/board-b-F_Mask.gts'.
Plotted to '/Users/takazudo/repos/circuits/zudo-pd/tmp/current-prototype-checkout/manufacturing/releases/corner-support-review/board-b/gerbers/board-b-B_Mask.gbs'.
Plotted to '/Users/takazudo/repos/circuits/zudo-pd/tmp/current-prototype-checkout/manufacturing/releases/corner-support-review/board-b/gerbers/board-b-Edge_Cuts.gm1'.

$ /Applications/KiCad/KiCad.app/Contents/MacOS/kicad-cli pcb export drill --format excellon --drill-origin plot --excellon-units mm --excellon-separate-th --excellon-oval-format route -o /Users/takazudo/repos/circuits/zudo-pd/tmp/current-prototype-checkout/manufacturing/releases/corner-support-review/board-b/gerbers /Users/takazudo/repos/circuits/zudo-pd/tmp/current-prototype-checkout/manufacturing/releases/corner-support-review/board-b/source/board-b.kicad_pcb
Created file '/Users/takazudo/repos/circuits/zudo-pd/tmp/current-prototype-checkout/manufacturing/releases/corner-support-review/board-b/gerbers/board-b-PTH.drl'
Created file '/Users/takazudo/repos/circuits/zudo-pd/tmp/current-prototype-checkout/manufacturing/releases/corner-support-review/board-b/gerbers/board-b-NPTH.drl'
Done.

$ /Applications/KiCad/KiCad.app/Contents/MacOS/kicad-cli pcb export pos --format csv --units mm --use-drill-file-origin --exclude-dnp -o /Users/takazudo/repos/circuits/zudo-pd/tmp/current-prototype-checkout/manufacturing/releases/corner-support-review/board-b/raw/positions.csv /Users/takazudo/repos/circuits/zudo-pd/tmp/current-prototype-checkout/manufacturing/releases/corner-support-review/board-b/source/board-b.kicad_pcb
Wrote position data to '/Users/takazudo/repos/circuits/zudo-pd/tmp/current-prototype-checkout/manufacturing/releases/corner-support-review/board-b/raw/positions.csv'.

$ /Applications/KiCad/KiCad.app/Contents/MacOS/kicad-cli pcb export svg --mode-single --fit-page-to-board --exclude-drawing-sheet --sketch-pads-on-fab-layers -l F.Cu,F.Fab,F.Silkscreen,Edge.Cuts -o /Users/takazudo/repos/circuits/zudo-pd/tmp/current-prototype-checkout/manufacturing/releases/corner-support-review/board-b/assembly-top.svg /Users/takazudo/repos/circuits/zudo-pd/tmp/current-prototype-checkout/manufacturing/releases/corner-support-review/board-b/source/board-b.kicad_pcb
Plotted to '/Users/takazudo/repos/circuits/zudo-pd/tmp/current-prototype-checkout/manufacturing/releases/corner-support-review/board-b/assembly-top.svg'.
Done.

$ /Applications/KiCad/KiCad.app/Contents/MacOS/kicad-cli pcb export svg --mode-single --fit-page-to-board --exclude-drawing-sheet --sketch-pads-on-fab-layers -l B.Cu,B.Fab,B.Silkscreen,Edge.Cuts -o /Users/takazudo/repos/circuits/zudo-pd/tmp/current-prototype-checkout/manufacturing/releases/corner-support-review/board-b/assembly-bottom.svg --mirror /Users/takazudo/repos/circuits/zudo-pd/tmp/current-prototype-checkout/manufacturing/releases/corner-support-review/board-b/source/board-b.kicad_pcb
Plotted to '/Users/takazudo/repos/circuits/zudo-pd/tmp/current-prototype-checkout/manufacturing/releases/corner-support-review/board-b/assembly-bottom.svg'.
Done.
