
$ /Applications/KiCad/KiCad.app/Contents/MacOS/kicad-cli pcb drc --refill-zones --save-board --schematic-parity --format json -o /Users/takazudo/repos/circuits/zudo-pd/manufacturing/releases/renewal-review/board-p/checks/drc.json /Users/takazudo/repos/circuits/zudo-pd/manufacturing/releases/renewal-review/board-p/source/board-p.kicad_pcb
Found 46 violations
Found 0 unconnected items
Found 3 schematic parity issues
Saved DRC Report to /Users/takazudo/repos/circuits/zudo-pd/manufacturing/releases/renewal-review/board-p/checks/drc.json
Saved board
Fontconfig error: Cannot load default config file: No such file: (null)

$ /Applications/KiCad/KiCad.app/Contents/MacOS/kicad-cli sch erc --format json -o /Users/takazudo/repos/circuits/zudo-pd/manufacturing/releases/renewal-review/board-p/checks/erc.json /Users/takazudo/repos/circuits/zudo-pd/manufacturing/releases/renewal-review/board-p/source/board-p.kicad_sch
Found 29 violations
Saved ERC Report to /Users/takazudo/repos/circuits/zudo-pd/manufacturing/releases/renewal-review/board-p/checks/erc.json
Fontconfig error: Cannot load default config file: No such file: (null)

$ /Applications/KiCad/KiCad.app/Contents/MacOS/kicad-cli sch export pdf -o /Users/takazudo/repos/circuits/zudo-pd/manufacturing/releases/renewal-review/board-p/schematic.pdf /Users/takazudo/repos/circuits/zudo-pd/manufacturing/releases/renewal-review/board-p/source/board-p.kicad_sch
Plotted to '/Users/takazudo/repos/circuits/zudo-pd/manufacturing/releases/renewal-review/board-p/schematic.pdf'.
Done.
Fontconfig error: Cannot load default config file: No such file: (null)

$ /Applications/KiCad/KiCad.app/Contents/MacOS/kicad-cli sch export netlist --format kicadsexpr -o /Users/takazudo/repos/circuits/zudo-pd/manufacturing/releases/renewal-review/board-p/raw/board-p.net /Users/takazudo/repos/circuits/zudo-pd/manufacturing/releases/renewal-review/board-p/source/board-p.kicad_sch
Fontconfig error: Cannot load default config file: No such file: (null)

$ /opt/homebrew/opt/python@3.14/bin/python3.14 /Users/takazudo/repos/circuits/zudo-pd/scripts/schgen/verify_netlist.py board_p_spec /Users/takazudo/repos/circuits/zudo-pd/manufacturing/releases/renewal-review/board-p/raw/board-p.net
PASS: 23 nets, 91 nodes (18 expected nets + 5 unconnected)

$ /Applications/KiCad/KiCad.app/Contents/MacOS/kicad-cli pcb export gerbers -l F.Cu,B.Cu,F.Mask,B.Mask,F.Silkscreen,B.Silkscreen,Edge.Cuts,F.Paste,B.Paste --use-drill-file-origin --subtract-soldermask -o /Users/takazudo/repos/circuits/zudo-pd/manufacturing/releases/renewal-review/board-p/gerbers /Users/takazudo/repos/circuits/zudo-pd/manufacturing/releases/renewal-review/board-p/source/board-p.kicad_pcb
Plotted to '/Users/takazudo/repos/circuits/zudo-pd/manufacturing/releases/renewal-review/board-p/gerbers/board-p-F_Cu.gtl'.
Plotted to '/Users/takazudo/repos/circuits/zudo-pd/manufacturing/releases/renewal-review/board-p/gerbers/board-p-B_Cu.gbl'.
Plotted to '/Users/takazudo/repos/circuits/zudo-pd/manufacturing/releases/renewal-review/board-p/gerbers/board-p-F_Paste.gtp'.
Plotted to '/Users/takazudo/repos/circuits/zudo-pd/manufacturing/releases/renewal-review/board-p/gerbers/board-p-B_Paste.gbp'.
Plotted to '/Users/takazudo/repos/circuits/zudo-pd/manufacturing/releases/renewal-review/board-p/gerbers/board-p-F_Silkscreen.gto'.
Plotted to '/Users/takazudo/repos/circuits/zudo-pd/manufacturing/releases/renewal-review/board-p/gerbers/board-p-B_Silkscreen.gbo'.
Plotted to '/Users/takazudo/repos/circuits/zudo-pd/manufacturing/releases/renewal-review/board-p/gerbers/board-p-F_Mask.gts'.
Plotted to '/Users/takazudo/repos/circuits/zudo-pd/manufacturing/releases/renewal-review/board-p/gerbers/board-p-B_Mask.gbs'.
Plotted to '/Users/takazudo/repos/circuits/zudo-pd/manufacturing/releases/renewal-review/board-p/gerbers/board-p-Edge_Cuts.gm1'.

$ /Applications/KiCad/KiCad.app/Contents/MacOS/kicad-cli pcb export drill --format excellon --drill-origin plot --excellon-units mm --excellon-separate-th --excellon-oval-format route -o /Users/takazudo/repos/circuits/zudo-pd/manufacturing/releases/renewal-review/board-p/gerbers /Users/takazudo/repos/circuits/zudo-pd/manufacturing/releases/renewal-review/board-p/source/board-p.kicad_pcb
Created file '/Users/takazudo/repos/circuits/zudo-pd/manufacturing/releases/renewal-review/board-p/gerbers/board-p-PTH.drl'
Created file '/Users/takazudo/repos/circuits/zudo-pd/manufacturing/releases/renewal-review/board-p/gerbers/board-p-NPTH.drl'
Done.

$ /Applications/KiCad/KiCad.app/Contents/MacOS/kicad-cli pcb export pos --format csv --units mm --use-drill-file-origin --exclude-dnp -o /Users/takazudo/repos/circuits/zudo-pd/manufacturing/releases/renewal-review/board-p/raw/positions.csv /Users/takazudo/repos/circuits/zudo-pd/manufacturing/releases/renewal-review/board-p/source/board-p.kicad_pcb
Wrote position data to '/Users/takazudo/repos/circuits/zudo-pd/manufacturing/releases/renewal-review/board-p/raw/positions.csv'.

$ /Applications/KiCad/KiCad.app/Contents/MacOS/kicad-cli pcb export svg --mode-single --fit-page-to-board --exclude-drawing-sheet --sketch-pads-on-fab-layers -l F.Cu,F.Fab,F.Silkscreen,Edge.Cuts -o /Users/takazudo/repos/circuits/zudo-pd/manufacturing/releases/renewal-review/board-p/assembly-top.svg /Users/takazudo/repos/circuits/zudo-pd/manufacturing/releases/renewal-review/board-p/source/board-p.kicad_pcb
Plotted to '/Users/takazudo/repos/circuits/zudo-pd/manufacturing/releases/renewal-review/board-p/assembly-top.svg'.
Done.

$ /Applications/KiCad/KiCad.app/Contents/MacOS/kicad-cli pcb export svg --mode-single --fit-page-to-board --exclude-drawing-sheet --sketch-pads-on-fab-layers -l B.Cu,B.Fab,B.Silkscreen,Edge.Cuts -o /Users/takazudo/repos/circuits/zudo-pd/manufacturing/releases/renewal-review/board-p/assembly-bottom.svg --mirror /Users/takazudo/repos/circuits/zudo-pd/manufacturing/releases/renewal-review/board-p/source/board-p.kicad_pcb
Plotted to '/Users/takazudo/repos/circuits/zudo-pd/manufacturing/releases/renewal-review/board-p/assembly-bottom.svg'.
Done.
